// Jest Snapshot v1, https://goo.gl/fbAQLP

exports[`ButtonWhite matches the snapshot 1`] = `
<button
  className="sc-bdVaJa iGLASH"
/>
`;
