// Jest Snapshot v1, https://goo.gl/fbAQLP

exports[`SquareSix matches the snapshot 1`] = `
<div
  className="sc-bdVaJa kQHntN"
>
  <video
    autoPlay="autoplay"
    className="sc-bwzfXH fmkNMw"
    loop={true}
    muted="muted"
    type="video/mp4"
  >
    <source
      src="bg-video.mp4"
      type="video/mp4"
    />
  </video>
  <div
    className="sc-htpNat eZQdxC"
  >
    <div
      className="react-reveal"
      style={
        Object {
          "opacity": undefined,
        }
      }
    >
      <div
        className="sc-bxivhb bozDyY"
      >
        <div
          className="sc-gzVnrw jZfiUz"
        >
          <div
            className="sc-ifAKCX eWCQKW"
          >
            let us launch your career in tech
          </div>
          <hr
            className="sc-bZQynM bRaUtF"
          />
          <div
            className="sc-EHOje dfBZst"
          >
            The European tech industry needs you. We are currently missing 500.000 technology professionals in Europe and that number is growing fast.
          </div>
        </div>
      </div>
    </div>
    <div
      className="react-reveal"
      style={
        Object {
          "opacity": undefined,
        }
      }
    >
      <div
        className="sc-bxivhb bozDyY"
      >
        <div
          className="sc-gzVnrw jZfiUz"
        >
          <div
            className="sc-ifAKCX eWCQKW"
          >
            we will get you hired by the hottest tech companies
          </div>
          <hr
            className="sc-bZQynM bRaUtF"
          />
          <div
            className="sc-EHOje dfBZst"
          >
            We are working with the worldâ€™s fastest growing digital companies, and they are looking to hire - offering a salary of 30.000 SEK / 3000 EUR/month.
          </div>
        </div>
      </div>
    </div>
    <div
      className="react-reveal"
      style={
        Object {
          "opacity": undefined,
        }
      }
    >
      <div
        className="sc-bxivhb bozDyY"
      >
        <div
          className="sc-gzVnrw jZfiUz"
        >
          <div
            className="sc-ifAKCX eWCQKW"
          >
            complete our career program and the education is free
          </div>
          <hr
            className="sc-bZQynM bRaUtF"
          />
          <div
            className="sc-EHOje dfBZst"
          >
            We are investing in you, knowing that you will be a successful software developer consultant within our hiring network.
          </div>
        </div>
      </div>
    </div>
  </div>
  <div
    className="sc-htoDjs hnmGXK"
  >
    <div
      className="react-reveal"
      style={
        Object {
          "opacity": undefined,
        }
      }
    >
      <div
        className="sc-dnqmqq cCuaoa"
      >
        here's how it works:
      </div>
    </div>
    <div
      className="sc-iwsKbI hJfEvP"
    >
      <div
        className="react-reveal"
        style={
          Object {
            "opacity": undefined,
          }
        }
      >
        <div
          className="sc-gZMcBi gHKCJa"
        >
          <img
            className="sc-gqjmRU kVWxOT"
            src="1.png"
          />
          <div
            className="sc-VigVT cfzcis"
          >
            Apply and take a test
          </div>
        </div>
      </div>
      <div
        className="react-reveal"
        style={
          Object {
            "opacity": undefined,
          }
        }
      >
        <div
          className="sc-gZMcBi gHKCJa"
        >
          <img
            className="sc-gqjmRU kVWxOT"
            src="2.png"
          />
          <div
            className="sc-VigVT cfzcis"
          >
            Get accepted (yaay!)
          </div>
        </div>
      </div>
      <div
        className="react-reveal"
        style={
          Object {
            "opacity": undefined,
          }
        }
      >
        <div
          className="sc-gZMcBi gHKCJa"
        >
          <img
            className="sc-gqjmRU kVWxOT"
            src="3.png"
          />
          <div
            className="sc-VigVT cfzcis"
          >
            We sponsor your 3 month full-time coding education at Epicenter
          </div>
        </div>
      </div>
      <div
        className="react-reveal"
        style={
          Object {
            "opacity": undefined,
          }
        }
      >
        <div
          className="sc-gZMcBi gHKCJa"
        >
          <img
            className="sc-gqjmRU kVWxOT"
            src="4.png"
          />
          <div
            className="sc-VigVT cfzcis"
          >
            Upon graduation we get you a consultant position within our hiring network with a 30,000 SEK / 3000 EUR per month salary
          </div>
        </div>
      </div>
      <div
        className="react-reveal"
        style={
          Object {
            "opacity": undefined,
          }
        }
      >
        <div
          className="sc-gZMcBi gHKCJa"
        >
          <img
            className="sc-gqjmRU kVWxOT"
            src="5.png"
          />
          <div
            className="sc-VigVT cfzcis"
          >
            After doing a kick ass job for 12 months, you get permanently hired by your new company
          </div>
        </div>
      </div>
    </div>
  </div>
</div>
`;
